// Jest Snapshot v1, https://goo.gl/fbAQLP

exports[`Probar el componente <AddCategory /> Debe contener el snapchot 1`] = `
<form
  onSubmit={[Function]}
>
  <input
    onChange={[Function]}
    placeholder="Search"
    type="text"
    value=""
  />
</form>
`;
