// Jest Snapshot v1, https://goo.gl/fbAQLP

exports[`Probando el componente <GridItem /> Debe hacer toMatchSnapshot 1`] = `
<div
  className="card animate__animated animate__fadeIn"
>
  <img
    alt="Un titulo"
    src="https://localhost/image.png"
  />
</div>
`;
